[0.015s] Invoking command in '/home/gavin/ros2_ws/build/awc_msgs': /usr/bin/cmake /home/gavin/ros2_ws/src/awc_msgs -DCMAKE_INSTALL_PREFIX=/home/gavin/ros2_ws/install/awc_msgs
[0.026s] -- Found ament_cmake: 1.3.11 (/opt/ros/humble/share/ament_cmake/cmake)
[0.131s] -- Found geometry_msgs: 4.2.4 (/opt/ros/humble/share/geometry_msgs/cmake)
[0.159s] -- Found rosidl_generator_c: 3.1.6 (/opt/ros/humble/share/rosidl_generator_c/cmake)
[0.162s] -- Found rosidl_adapter: 3.1.6 (/opt/ros/humble/share/rosidl_adapter/cmake)
[0.168s] -- Found rosidl_generator_cpp: 3.1.6 (/opt/ros/humble/share/rosidl_generator_cpp/cmake)
[0.179s] -- Using all available rosidl_typesupport_c: rosidl_typesupport_fastrtps_c;rosidl_typesupport_introspection_c
[0.192s] -- Using all available rosidl_typesupport_cpp: rosidl_typesupport_fastrtps_cpp;rosidl_typesupport_introspection_cpp
[0.228s] -- Found rosidl_default_generators: 1.2.0 (/opt/ros/humble/share/rosidl_default_generators/cmake)
[0.390s] Error parsing '/home/gavin/ros2_ws/src/awc_msgs/package.xml':
[0.431s] Traceback (most recent call last):
[0.431s]   File "/usr/lib/python3/dist-packages/catkin_pkg/package.py", line 610, in parse_package_string
[0.432s]     root = dom.parseString(data)
[0.432s]   File "/usr/lib/python3.10/xml/dom/minidom.py", line 2000, in parseString
[0.433s]     return expatbuilder.parseString(string)
[0.433s]   File "/usr/lib/python3.10/xml/dom/expatbuilder.py", line 925, in parseString
[0.433s]     return builder.parseString(string)
[0.433s]   File "/usr/lib/python3.10/xml/dom/expatbuilder.py", line 223, in parseString
[0.434s]     parser.Parse(string, True)
[0.434s] xml.parsers.expat.ExpatError: XML or text declaration not at start of entity: line 2, column 0
[0.434s] 
[0.434s] During handling of the above exception, another exception occurred:
[0.434s] 
[0.434s] Traceback (most recent call last):
[0.434s]   File "/opt/ros/humble/share/ament_cmake_core/cmake/core/package_xml_2_cmake.py", line 150, in <module>
[0.434s]     main()
[0.434s]   File "/opt/ros/humble/share/ament_cmake_core/cmake/core/package_xml_2_cmake.py", line 53, in main
[0.434s]     raise e
[0.434s]   File "/opt/ros/humble/share/ament_cmake_core/cmake/core/package_xml_2_cmake.py", line 49, in main
[0.434s]     package = parse_package_string(
[0.434s]   File "/usr/lib/python3/dist-packages/catkin_pkg/package.py", line 612, in parse_package_string
[0.434s]     raise InvalidPackage('The manifest contains invalid XML:\n%s' % ex, filename)
[0.434s] catkin_pkg.package.InvalidPackage: Error(s) in package '/home/gavin/ros2_ws/src/awc_msgs/package.xml':
[0.434s] The manifest contains invalid XML:
[0.434s] XML or text declaration not at start of entity: line 2, column 0
[0.452s] [31mCMake Error at /opt/ros/humble/share/ament_cmake_core/cmake/core/ament_package_xml.cmake:95 (message):
[0.452s]   execute_process(/usr/bin/python3
[0.452s]   /opt/ros/humble/share/ament_cmake_core/cmake/core/package_xml_2_cmake.py
[0.452s]   /home/gavin/ros2_ws/src/awc_msgs/package.xml
[0.452s]   /home/gavin/ros2_ws/build/awc_msgs/ament_cmake_core/package.cmake) returned
[0.452s]   error code 1
[0.452s] Call Stack (most recent call first):
[0.452s]   /opt/ros/humble/share/ament_cmake_core/cmake/core/ament_package_xml.cmake:49 (_ament_package_xml)
[0.452s]   /opt/ros/humble/share/rosidl_cmake/cmake/rosidl_generate_interfaces.cmake:226 (ament_package_xml)
[0.452s]   CMakeLists.txt:15 (rosidl_generate_interfaces)
[0.453s] 
[0.453s] [0m
[0.455s] -- Configuring incomplete, errors occurred!
[0.455s] See also "/home/gavin/ros2_ws/build/awc_msgs/CMakeFiles/CMakeOutput.log".
[0.458s] Invoked command in '/home/gavin/ros2_ws/build/awc_msgs' returned '1': /usr/bin/cmake /home/gavin/ros2_ws/src/awc_msgs -DCMAKE_INSTALL_PREFIX=/home/gavin/ros2_ws/install/awc_msgs
