[0.012s] Invoking command in '/home/gavin/ros2_ws/build/awc_msgs': /usr/bin/cmake /home/gavin/ros2_ws/src/awc_msgs -DCMAKE_INSTALL_PREFIX=/home/gavin/ros2_ws/install/awc_msgs
[0.071s] -- The C compiler identification is GNU 11.4.0
[0.131s] -- The CXX compiler identification is GNU 11.4.0
[0.138s] -- Detecting C compiler ABI info
[0.190s] -- Detecting C compiler ABI info - done
[0.200s] -- Check for working C compiler: /usr/bin/cc - skipped
[0.201s] -- Detecting C compile features
[0.201s] -- Detecting C compile features - done
[0.204s] -- Detecting CXX compiler ABI info
[0.285s] -- Detecting CXX compiler ABI info - done
[0.294s] -- Check for working CXX compiler: /usr/bin/c++ - skipped
[0.294s] -- Detecting CXX compile features
[0.295s] -- Detecting CXX compile features - done
[0.298s] -- Found ament_cmake: 1.3.11 (/opt/ros/humble/share/ament_cmake/cmake)
[0.716s] -- Found Python3: /usr/bin/python3 (found version "3.10.12") found components: Interpreter 
[0.809s] -- Found geometry_msgs: 4.2.4 (/opt/ros/humble/share/geometry_msgs/cmake)
[0.849s] -- Found rosidl_generator_c: 3.1.6 (/opt/ros/humble/share/rosidl_generator_c/cmake)
[0.853s] -- Found rosidl_adapter: 3.1.6 (/opt/ros/humble/share/rosidl_adapter/cmake)
[0.858s] -- Found rosidl_generator_cpp: 3.1.6 (/opt/ros/humble/share/rosidl_generator_cpp/cmake)
[0.871s] -- Using all available rosidl_typesupport_c: rosidl_typesupport_fastrtps_c;rosidl_typesupport_introspection_c
[0.887s] -- Using all available rosidl_typesupport_cpp: rosidl_typesupport_fastrtps_cpp;rosidl_typesupport_introspection_cpp
[0.929s] -- Found rosidl_default_generators: 1.2.0 (/opt/ros/humble/share/rosidl_default_generators/cmake)
[1.104s] Error parsing '/home/gavin/ros2_ws/src/awc_msgs/package.xml':
[1.140s] Traceback (most recent call last):
[1.140s]   File "/usr/lib/python3/dist-packages/catkin_pkg/package.py", line 610, in parse_package_string
[1.140s]     root = dom.parseString(data)
[1.140s]   File "/usr/lib/python3.10/xml/dom/minidom.py", line 2000, in parseString
[1.140s]     return expatbuilder.parseString(string)
[1.142s]   File "/usr/lib/python3.10/xml/dom/expatbuilder.py", line 925, in parseString
[1.142s]     return builder.parseString(string)
[1.142s]   File "/usr/lib/python3.10/xml/dom/expatbuilder.py", line 223, in parseString
[1.142s]     parser.Parse(string, True)
[1.142s] xml.parsers.expat.ExpatError: XML or text declaration not at start of entity: line 2, column 0
[1.142s] 
[1.142s] During handling of the above exception, another exception occurred:
[1.142s] 
[1.142s] Traceback (most recent call last):
[1.142s]   File "/opt/ros/humble/share/ament_cmake_core/cmake/core/package_xml_2_cmake.py", line 150, in <module>
[1.142s]     main()
[1.142s]   File "/opt/ros/humble/share/ament_cmake_core/cmake/core/package_xml_2_cmake.py", line 53, in main
[1.143s]     raise e
[1.143s]   File "/opt/ros/humble/share/ament_cmake_core/cmake/core/package_xml_2_cmake.py", line 49, in main
[1.143s]     package = parse_package_string(
[1.143s]   File "/usr/lib/python3/dist-packages/catkin_pkg/package.py", line 612, in parse_package_string
[1.143s]     raise InvalidPackage('The manifest contains invalid XML:\n%s' % ex, filename)
[1.143s] catkin_pkg.package.InvalidPackage: Error(s) in package '/home/gavin/ros2_ws/src/awc_msgs/package.xml':
[1.143s] The manifest contains invalid XML:
[1.143s] XML or text declaration not at start of entity: line 2, column 0
[1.156s] [31mCMake Error at /opt/ros/humble/share/ament_cmake_core/cmake/core/ament_package_xml.cmake:95 (message):
[1.156s]   execute_process(/usr/bin/python3
[1.156s]   /opt/ros/humble/share/ament_cmake_core/cmake/core/package_xml_2_cmake.py
[1.156s]   /home/gavin/ros2_ws/src/awc_msgs/package.xml
[1.156s]   /home/gavin/ros2_ws/build/awc_msgs/ament_cmake_core/package.cmake) returned
[1.156s]   error code 1
[1.156s] Call Stack (most recent call first):
[1.156s]   /opt/ros/humble/share/ament_cmake_core/cmake/core/ament_package_xml.cmake:49 (_ament_package_xml)
[1.156s]   /opt/ros/humble/share/rosidl_cmake/cmake/rosidl_generate_interfaces.cmake:226 (ament_package_xml)
[1.156s]   CMakeLists.txt:15 (rosidl_generate_interfaces)
[1.156s] 
[1.156s] [0m
[1.156s] -- Configuring incomplete, errors occurred!
[1.156s] See also "/home/gavin/ros2_ws/build/awc_msgs/CMakeFiles/CMakeOutput.log".
[1.161s] Invoked command in '/home/gavin/ros2_ws/build/awc_msgs' returned '1': /usr/bin/cmake /home/gavin/ros2_ws/src/awc_msgs -DCMAKE_INSTALL_PREFIX=/home/gavin/ros2_ws/install/awc_msgs
