[0.000000] (-) TimerEvent: {}
[0.000345] (awc_msgs) JobQueued: {'identifier': 'awc_msgs', 'dependencies': OrderedDict()}
[0.000462] (robot_description) JobQueued: {'identifier': 'robot_description', 'dependencies': OrderedDict()}
[0.000498] (tf_publisher) JobQueued: {'identifier': 'tf_publisher', 'dependencies': OrderedDict()}
[0.000512] (awc_msgs) JobStarted: {'identifier': 'awc_msgs'}
[0.003802] (robot_description) JobStarted: {'identifier': 'robot_description'}
[0.005901] (tf_publisher) JobStarted: {'identifier': 'tf_publisher'}
[0.010028] (awc_msgs) JobProgress: {'identifier': 'awc_msgs', 'progress': 'cmake'}
[0.010663] (awc_msgs) Command: {'cmd': ['/usr/bin/cmake', '/home/gavin/ros2_ws/src/awc_msgs', '-DCMAKE_INSTALL_PREFIX=/home/gavin/ros2_ws/install/awc_msgs'], 'cwd': '/home/gavin/ros2_ws/build/awc_msgs', 'env': OrderedDict([('LESSOPEN', '| /usr/bin/lesspipe %s'), ('USER', 'gavin'), ('LC_TIME', 'id_ID.UTF-8'), ('XDG_SESSION_TYPE', 'wayland'), ('SHLVL', '1'), ('LD_LIBRARY_PATH', '/opt/ros/humble/opt/rviz_ogre_vendor/lib:/opt/ros/humble/lib/x86_64-linux-gnu:/opt/ros/humble/lib'), ('HOME', '/home/gavin'), ('OLDPWD', '/home/gavin/ros2_ws/src'), ('DESKTOP_SESSION', 'ubuntu'), ('ROS_PYTHON_VERSION', '3'), ('GNOME_SHELL_SESSION_MODE', 'ubuntu'), ('GTK_MODULES', 'gail:atk-bridge'), ('LC_MONETARY', 'id_ID.UTF-8'), ('SYSTEMD_EXEC_PID', '5472'), ('DBUS_SESSION_BUS_ADDRESS', 'unix:path=/run/user/1000/bus'), ('COLORTERM', 'truecolor'), ('IM_CONFIG_PHASE', '1'), ('WAYLAND_DISPLAY', 'wayland-0'), ('ROS_DISTRO', 'humble'), ('LOGNAME', 'gavin'), ('ONSHAPE_SECRET_KEY', 'DgvwwtxBxplJa5SeTiV0oyoUpNkK1utJJJysQ8ZgnFWCEiZL'), ('_', '/usr/bin/colcon'), ('ROS_VERSION', '2'), ('XDG_SESSION_CLASS', 'user'), ('USERNAME', 'gavin'), ('TERM', 'xterm-256color'), ('GNOME_DESKTOP_SESSION_ID', 'this-is-deprecated'), ('ROS_LOCALHOST_ONLY', '0'), ('PATH', '/home/gavin/.local/bin:/opt/ros/humble/bin:/home/gavin/.local/bin:/usr/local/sbin:/usr/local/bin:/usr/sbin:/usr/bin:/sbin:/bin:/usr/games:/usr/local/games:/snap/bin:/snap/bin:/usr/local/MATLAB/R2024b/bin'), ('SESSION_MANAGER', 'local/gavin-NUC:@/tmp/.ICE-unix/927,unix/gavin-NUC:/tmp/.ICE-unix/927'), ('XDG_MENU_PREFIX', 'gnome-'), ('LC_ADDRESS', 'id_ID.UTF-8'), ('GNOME_TERMINAL_SCREEN', '/org/gnome/Terminal/screen/f25c35e2_c390_405e_903b_d8af84c95044'), ('GNOME_SETUP_DISPLAY', ':1'), ('XDG_RUNTIME_DIR', '/run/user/1000'), ('DISPLAY', ':0'), ('LANG', 'en_US.UTF-8'), ('XDG_CURRENT_DESKTOP', 'ubuntu:GNOME'), ('LC_TELEPHONE', 'id_ID.UTF-8'), ('RMW_IMPLEMENTATION', 'rmw_cyclonedds_cpp'), ('XMODIFIERS', '@im=ibus'), ('XDG_SESSION_DESKTOP', 'ubuntu'), ('XAUTHORITY', '/run/user/1000/.mutter-Xwaylandauth.4NQ622'), ('LS_COLORS', 'rs=0:di=01;34:ln=01;36:mh=00:pi=40;33:so=01;35:do=01;35:bd=40;33;01:cd=40;33;01:or=40;31;01:mi=00:su=37;41:sg=30;43:ca=30;41:tw=30;42:ow=34;42:st=37;44:ex=01;32:*.tar=01;31:*.tgz=01;31:*.arc=01;31:*.arj=01;31:*.taz=01;31:*.lha=01;31:*.lz4=01;31:*.lzh=01;31:*.lzma=01;31:*.tlz=01;31:*.txz=01;31:*.tzo=01;31:*.t7z=01;31:*.zip=01;31:*.z=01;31:*.dz=01;31:*.gz=01;31:*.lrz=01;31:*.lz=01;31:*.lzo=01;31:*.xz=01;31:*.zst=01;31:*.tzst=01;31:*.bz2=01;31:*.bz=01;31:*.tbz=01;31:*.tbz2=01;31:*.tz=01;31:*.deb=01;31:*.rpm=01;31:*.jar=01;31:*.war=01;31:*.ear=01;31:*.sar=01;31:*.rar=01;31:*.alz=01;31:*.ace=01;31:*.zoo=01;31:*.cpio=01;31:*.7z=01;31:*.rz=01;31:*.cab=01;31:*.wim=01;31:*.swm=01;31:*.dwm=01;31:*.esd=01;31:*.jpg=01;35:*.jpeg=01;35:*.mjpg=01;35:*.mjpeg=01;35:*.gif=01;35:*.bmp=01;35:*.pbm=01;35:*.pgm=01;35:*.ppm=01;35:*.tga=01;35:*.xbm=01;35:*.xpm=01;35:*.tif=01;35:*.tiff=01;35:*.png=01;35:*.svg=01;35:*.svgz=01;35:*.mng=01;35:*.pcx=01;35:*.mov=01;35:*.mpg=01;35:*.mpeg=01;35:*.m2v=01;35:*.mkv=01;35:*.webm=01;35:*.webp=01;35:*.ogm=01;35:*.mp4=01;35:*.m4v=01;35:*.mp4v=01;35:*.vob=01;35:*.qt=01;35:*.nuv=01;35:*.wmv=01;35:*.asf=01;35:*.rm=01;35:*.rmvb=01;35:*.flc=01;35:*.avi=01;35:*.fli=01;35:*.flv=01;35:*.gl=01;35:*.dl=01;35:*.xcf=01;35:*.xwd=01;35:*.yuv=01;35:*.cgm=01;35:*.emf=01;35:*.ogv=01;35:*.ogx=01;35:*.aac=00;36:*.au=00;36:*.flac=00;36:*.m4a=00;36:*.mid=00;36:*.midi=00;36:*.mka=00;36:*.mp3=00;36:*.mpc=00;36:*.ogg=00;36:*.ra=00;36:*.wav=00;36:*.oga=00;36:*.opus=00;36:*.spx=00;36:*.xspf=00;36:'), ('GNOME_TERMINAL_SERVICE', ':1.123'), ('SSH_AGENT_LAUNCHER', 'gnome-keyring'), ('SSH_AUTH_SOCK', '/run/user/1000/keyring/ssh'), ('AMENT_PREFIX_PATH', '/opt/ros/humble'), ('SHELL', '/bin/bash'), ('LC_NAME', 'id_ID.UTF-8'), ('QT_ACCESSIBILITY', '1'), ('GDMSESSION', 'ubuntu'), ('LESSCLOSE', '/usr/bin/lesspipe %s %s'), ('LC_MEASUREMENT', 'id_ID.UTF-8'), ('LC_IDENTIFICATION', 'id_ID.UTF-8'), ('QT_IM_MODULE', 'ibus'), ('PWD', '/home/gavin/ros2_ws/build/awc_msgs'), ('LC_ALL', 'en_US.UTF-8'), ('XDG_CONFIG_DIRS', '/etc/xdg/xdg-ubuntu:/etc/xdg'), ('ONSHAPE_ACCESS_KEY', 'dhh7gVImP6I7PcvGvknSotYo'), ('XDG_DATA_DIRS', '/usr/share/ubuntu:/usr/local/share/:/usr/share/:/var/lib/snapd/desktop'), ('PYTHONPATH', '/opt/ros/humble/lib/python3.10/site-packages:/opt/ros/humble/local/lib/python3.10/dist-packages'), ('LC_NUMERIC', 'id_ID.UTF-8'), ('LC_PAPER', 'id_ID.UTF-8'), ('ONSHAPE_API', 'https://cad.onshape.com'), ('COLCON', '1'), ('VTE_VERSION', '6800')]), 'shell': False}
[0.016567] (robot_description) JobProgress: {'identifier': 'robot_description', 'progress': 'cmake'}
[0.017100] (robot_description) JobProgress: {'identifier': 'robot_description', 'progress': 'build'}
[0.017380] (robot_description) Command: {'cmd': ['/usr/bin/cmake', '--build', '/home/gavin/ros2_ws/build/robot_description', '--', '-j4', '-l4'], 'cwd': '/home/gavin/ros2_ws/build/robot_description', 'env': OrderedDict([('LESSOPEN', '| /usr/bin/lesspipe %s'), ('USER', 'gavin'), ('LC_TIME', 'id_ID.UTF-8'), ('XDG_SESSION_TYPE', 'wayland'), ('SHLVL', '1'), ('LD_LIBRARY_PATH', '/opt/ros/humble/opt/rviz_ogre_vendor/lib:/opt/ros/humble/lib/x86_64-linux-gnu:/opt/ros/humble/lib'), ('HOME', '/home/gavin'), ('OLDPWD', '/home/gavin/ros2_ws/src'), ('DESKTOP_SESSION', 'ubuntu'), ('ROS_PYTHON_VERSION', '3'), ('GNOME_SHELL_SESSION_MODE', 'ubuntu'), ('GTK_MODULES', 'gail:atk-bridge'), ('LC_MONETARY', 'id_ID.UTF-8'), ('SYSTEMD_EXEC_PID', '5472'), ('DBUS_SESSION_BUS_ADDRESS', 'unix:path=/run/user/1000/bus'), ('COLORTERM', 'truecolor'), ('IM_CONFIG_PHASE', '1'), ('WAYLAND_DISPLAY', 'wayland-0'), ('ROS_DISTRO', 'humble'), ('LOGNAME', 'gavin'), ('ONSHAPE_SECRET_KEY', 'DgvwwtxBxplJa5SeTiV0oyoUpNkK1utJJJysQ8ZgnFWCEiZL'), ('_', '/usr/bin/colcon'), ('ROS_VERSION', '2'), ('XDG_SESSION_CLASS', 'user'), ('USERNAME', 'gavin'), ('TERM', 'xterm-256color'), ('GNOME_DESKTOP_SESSION_ID', 'this-is-deprecated'), ('ROS_LOCALHOST_ONLY', '0'), ('PATH', '/home/gavin/.local/bin:/opt/ros/humble/bin:/home/gavin/.local/bin:/usr/local/sbin:/usr/local/bin:/usr/sbin:/usr/bin:/sbin:/bin:/usr/games:/usr/local/games:/snap/bin:/snap/bin:/usr/local/MATLAB/R2024b/bin'), ('SESSION_MANAGER', 'local/gavin-NUC:@/tmp/.ICE-unix/927,unix/gavin-NUC:/tmp/.ICE-unix/927'), ('XDG_MENU_PREFIX', 'gnome-'), ('LC_ADDRESS', 'id_ID.UTF-8'), ('GNOME_TERMINAL_SCREEN', '/org/gnome/Terminal/screen/f25c35e2_c390_405e_903b_d8af84c95044'), ('GNOME_SETUP_DISPLAY', ':1'), ('XDG_RUNTIME_DIR', '/run/user/1000'), ('DISPLAY', ':0'), ('LANG', 'en_US.UTF-8'), ('XDG_CURRENT_DESKTOP', 'ubuntu:GNOME'), ('LC_TELEPHONE', 'id_ID.UTF-8'), ('RMW_IMPLEMENTATION', 'rmw_cyclonedds_cpp'), ('XMODIFIERS', '@im=ibus'), ('XDG_SESSION_DESKTOP', 'ubuntu'), ('XAUTHORITY', '/run/user/1000/.mutter-Xwaylandauth.4NQ622'), ('LS_COLORS', 'rs=0:di=01;34:ln=01;36:mh=00:pi=40;33:so=01;35:do=01;35:bd=40;33;01:cd=40;33;01:or=40;31;01:mi=00:su=37;41:sg=30;43:ca=30;41:tw=30;42:ow=34;42:st=37;44:ex=01;32:*.tar=01;31:*.tgz=01;31:*.arc=01;31:*.arj=01;31:*.taz=01;31:*.lha=01;31:*.lz4=01;31:*.lzh=01;31:*.lzma=01;31:*.tlz=01;31:*.txz=01;31:*.tzo=01;31:*.t7z=01;31:*.zip=01;31:*.z=01;31:*.dz=01;31:*.gz=01;31:*.lrz=01;31:*.lz=01;31:*.lzo=01;31:*.xz=01;31:*.zst=01;31:*.tzst=01;31:*.bz2=01;31:*.bz=01;31:*.tbz=01;31:*.tbz2=01;31:*.tz=01;31:*.deb=01;31:*.rpm=01;31:*.jar=01;31:*.war=01;31:*.ear=01;31:*.sar=01;31:*.rar=01;31:*.alz=01;31:*.ace=01;31:*.zoo=01;31:*.cpio=01;31:*.7z=01;31:*.rz=01;31:*.cab=01;31:*.wim=01;31:*.swm=01;31:*.dwm=01;31:*.esd=01;31:*.jpg=01;35:*.jpeg=01;35:*.mjpg=01;35:*.mjpeg=01;35:*.gif=01;35:*.bmp=01;35:*.pbm=01;35:*.pgm=01;35:*.ppm=01;35:*.tga=01;35:*.xbm=01;35:*.xpm=01;35:*.tif=01;35:*.tiff=01;35:*.png=01;35:*.svg=01;35:*.svgz=01;35:*.mng=01;35:*.pcx=01;35:*.mov=01;35:*.mpg=01;35:*.mpeg=01;35:*.m2v=01;35:*.mkv=01;35:*.webm=01;35:*.webp=01;35:*.ogm=01;35:*.mp4=01;35:*.m4v=01;35:*.mp4v=01;35:*.vob=01;35:*.qt=01;35:*.nuv=01;35:*.wmv=01;35:*.asf=01;35:*.rm=01;35:*.rmvb=01;35:*.flc=01;35:*.avi=01;35:*.fli=01;35:*.flv=01;35:*.gl=01;35:*.dl=01;35:*.xcf=01;35:*.xwd=01;35:*.yuv=01;35:*.cgm=01;35:*.emf=01;35:*.ogv=01;35:*.ogx=01;35:*.aac=00;36:*.au=00;36:*.flac=00;36:*.m4a=00;36:*.mid=00;36:*.midi=00;36:*.mka=00;36:*.mp3=00;36:*.mpc=00;36:*.ogg=00;36:*.ra=00;36:*.wav=00;36:*.oga=00;36:*.opus=00;36:*.spx=00;36:*.xspf=00;36:'), ('GNOME_TERMINAL_SERVICE', ':1.123'), ('SSH_AGENT_LAUNCHER', 'gnome-keyring'), ('SSH_AUTH_SOCK', '/run/user/1000/keyring/ssh'), ('AMENT_PREFIX_PATH', '/opt/ros/humble'), ('SHELL', '/bin/bash'), ('LC_NAME', 'id_ID.UTF-8'), ('QT_ACCESSIBILITY', '1'), ('GDMSESSION', 'ubuntu'), ('LESSCLOSE', '/usr/bin/lesspipe %s %s'), ('LC_MEASUREMENT', 'id_ID.UTF-8'), ('LC_IDENTIFICATION', 'id_ID.UTF-8'), ('QT_IM_MODULE', 'ibus'), ('PWD', '/home/gavin/ros2_ws/build/robot_description'), ('LC_ALL', 'en_US.UTF-8'), ('XDG_CONFIG_DIRS', '/etc/xdg/xdg-ubuntu:/etc/xdg'), ('ONSHAPE_ACCESS_KEY', 'dhh7gVImP6I7PcvGvknSotYo'), ('XDG_DATA_DIRS', '/usr/share/ubuntu:/usr/local/share/:/usr/share/:/var/lib/snapd/desktop'), ('PYTHONPATH', '/opt/ros/humble/lib/python3.10/site-packages:/opt/ros/humble/local/lib/python3.10/dist-packages'), ('LC_NUMERIC', 'id_ID.UTF-8'), ('LC_PAPER', 'id_ID.UTF-8'), ('ONSHAPE_API', 'https://cad.onshape.com'), ('COLCON', '1'), ('VTE_VERSION', '6800'), ('CMAKE_PREFIX_PATH', '/opt/ros/humble')]), 'shell': False}
[0.026213] (awc_msgs) StdoutLine: {'line': b'-- Found ament_cmake: 1.3.11 (/opt/ros/humble/share/ament_cmake/cmake)\n'}
[0.099858] (-) TimerEvent: {}
[0.131255] (awc_msgs) StdoutLine: {'line': b'-- Found geometry_msgs: 4.2.4 (/opt/ros/humble/share/geometry_msgs/cmake)\n'}
[0.159176] (awc_msgs) StdoutLine: {'line': b'-- Found rosidl_generator_c: 3.1.6 (/opt/ros/humble/share/rosidl_generator_c/cmake)\n'}
[0.161727] (awc_msgs) StdoutLine: {'line': b'-- Found rosidl_adapter: 3.1.6 (/opt/ros/humble/share/rosidl_adapter/cmake)\n'}
[0.168369] (awc_msgs) StdoutLine: {'line': b'-- Found rosidl_generator_cpp: 3.1.6 (/opt/ros/humble/share/rosidl_generator_cpp/cmake)\n'}
[0.179464] (awc_msgs) StdoutLine: {'line': b'-- Using all available rosidl_typesupport_c: rosidl_typesupport_fastrtps_c;rosidl_typesupport_introspection_c\n'}
[0.192317] (awc_msgs) StdoutLine: {'line': b'-- Using all available rosidl_typesupport_cpp: rosidl_typesupport_fastrtps_cpp;rosidl_typesupport_introspection_cpp\n'}
[0.195154] (robot_description) CommandEnded: {'returncode': 0}
[0.195517] (robot_description) JobProgress: {'identifier': 'robot_description', 'progress': 'install'}
[0.199963] (-) TimerEvent: {}
[0.201274] (robot_description) Command: {'cmd': ['/usr/bin/cmake', '--install', '/home/gavin/ros2_ws/build/robot_description'], 'cwd': '/home/gavin/ros2_ws/build/robot_description', 'env': OrderedDict([('LESSOPEN', '| /usr/bin/lesspipe %s'), ('USER', 'gavin'), ('LC_TIME', 'id_ID.UTF-8'), ('XDG_SESSION_TYPE', 'wayland'), ('SHLVL', '1'), ('LD_LIBRARY_PATH', '/opt/ros/humble/opt/rviz_ogre_vendor/lib:/opt/ros/humble/lib/x86_64-linux-gnu:/opt/ros/humble/lib'), ('HOME', '/home/gavin'), ('OLDPWD', '/home/gavin/ros2_ws/src'), ('DESKTOP_SESSION', 'ubuntu'), ('ROS_PYTHON_VERSION', '3'), ('GNOME_SHELL_SESSION_MODE', 'ubuntu'), ('GTK_MODULES', 'gail:atk-bridge'), ('LC_MONETARY', 'id_ID.UTF-8'), ('SYSTEMD_EXEC_PID', '5472'), ('DBUS_SESSION_BUS_ADDRESS', 'unix:path=/run/user/1000/bus'), ('COLORTERM', 'truecolor'), ('IM_CONFIG_PHASE', '1'), ('WAYLAND_DISPLAY', 'wayland-0'), ('ROS_DISTRO', 'humble'), ('LOGNAME', 'gavin'), ('ONSHAPE_SECRET_KEY', 'DgvwwtxBxplJa5SeTiV0oyoUpNkK1utJJJysQ8ZgnFWCEiZL'), ('_', '/usr/bin/colcon'), ('ROS_VERSION', '2'), ('XDG_SESSION_CLASS', 'user'), ('USERNAME', 'gavin'), ('TERM', 'xterm-256color'), ('GNOME_DESKTOP_SESSION_ID', 'this-is-deprecated'), ('ROS_LOCALHOST_ONLY', '0'), ('PATH', '/home/gavin/.local/bin:/opt/ros/humble/bin:/home/gavin/.local/bin:/usr/local/sbin:/usr/local/bin:/usr/sbin:/usr/bin:/sbin:/bin:/usr/games:/usr/local/games:/snap/bin:/snap/bin:/usr/local/MATLAB/R2024b/bin'), ('SESSION_MANAGER', 'local/gavin-NUC:@/tmp/.ICE-unix/927,unix/gavin-NUC:/tmp/.ICE-unix/927'), ('XDG_MENU_PREFIX', 'gnome-'), ('LC_ADDRESS', 'id_ID.UTF-8'), ('GNOME_TERMINAL_SCREEN', '/org/gnome/Terminal/screen/f25c35e2_c390_405e_903b_d8af84c95044'), ('GNOME_SETUP_DISPLAY', ':1'), ('XDG_RUNTIME_DIR', '/run/user/1000'), ('DISPLAY', ':0'), ('LANG', 'en_US.UTF-8'), ('XDG_CURRENT_DESKTOP', 'ubuntu:GNOME'), ('LC_TELEPHONE', 'id_ID.UTF-8'), ('RMW_IMPLEMENTATION', 'rmw_cyclonedds_cpp'), ('XMODIFIERS', '@im=ibus'), ('XDG_SESSION_DESKTOP', 'ubuntu'), ('XAUTHORITY', '/run/user/1000/.mutter-Xwaylandauth.4NQ622'), ('LS_COLORS', 'rs=0:di=01;34:ln=01;36:mh=00:pi=40;33:so=01;35:do=01;35:bd=40;33;01:cd=40;33;01:or=40;31;01:mi=00:su=37;41:sg=30;43:ca=30;41:tw=30;42:ow=34;42:st=37;44:ex=01;32:*.tar=01;31:*.tgz=01;31:*.arc=01;31:*.arj=01;31:*.taz=01;31:*.lha=01;31:*.lz4=01;31:*.lzh=01;31:*.lzma=01;31:*.tlz=01;31:*.txz=01;31:*.tzo=01;31:*.t7z=01;31:*.zip=01;31:*.z=01;31:*.dz=01;31:*.gz=01;31:*.lrz=01;31:*.lz=01;31:*.lzo=01;31:*.xz=01;31:*.zst=01;31:*.tzst=01;31:*.bz2=01;31:*.bz=01;31:*.tbz=01;31:*.tbz2=01;31:*.tz=01;31:*.deb=01;31:*.rpm=01;31:*.jar=01;31:*.war=01;31:*.ear=01;31:*.sar=01;31:*.rar=01;31:*.alz=01;31:*.ace=01;31:*.zoo=01;31:*.cpio=01;31:*.7z=01;31:*.rz=01;31:*.cab=01;31:*.wim=01;31:*.swm=01;31:*.dwm=01;31:*.esd=01;31:*.jpg=01;35:*.jpeg=01;35:*.mjpg=01;35:*.mjpeg=01;35:*.gif=01;35:*.bmp=01;35:*.pbm=01;35:*.pgm=01;35:*.ppm=01;35:*.tga=01;35:*.xbm=01;35:*.xpm=01;35:*.tif=01;35:*.tiff=01;35:*.png=01;35:*.svg=01;35:*.svgz=01;35:*.mng=01;35:*.pcx=01;35:*.mov=01;35:*.mpg=01;35:*.mpeg=01;35:*.m2v=01;35:*.mkv=01;35:*.webm=01;35:*.webp=01;35:*.ogm=01;35:*.mp4=01;35:*.m4v=01;35:*.mp4v=01;35:*.vob=01;35:*.qt=01;35:*.nuv=01;35:*.wmv=01;35:*.asf=01;35:*.rm=01;35:*.rmvb=01;35:*.flc=01;35:*.avi=01;35:*.fli=01;35:*.flv=01;35:*.gl=01;35:*.dl=01;35:*.xcf=01;35:*.xwd=01;35:*.yuv=01;35:*.cgm=01;35:*.emf=01;35:*.ogv=01;35:*.ogx=01;35:*.aac=00;36:*.au=00;36:*.flac=00;36:*.m4a=00;36:*.mid=00;36:*.midi=00;36:*.mka=00;36:*.mp3=00;36:*.mpc=00;36:*.ogg=00;36:*.ra=00;36:*.wav=00;36:*.oga=00;36:*.opus=00;36:*.spx=00;36:*.xspf=00;36:'), ('GNOME_TERMINAL_SERVICE', ':1.123'), ('SSH_AGENT_LAUNCHER', 'gnome-keyring'), ('SSH_AUTH_SOCK', '/run/user/1000/keyring/ssh'), ('AMENT_PREFIX_PATH', '/opt/ros/humble'), ('SHELL', '/bin/bash'), ('LC_NAME', 'id_ID.UTF-8'), ('QT_ACCESSIBILITY', '1'), ('GDMSESSION', 'ubuntu'), ('LESSCLOSE', '/usr/bin/lesspipe %s %s'), ('LC_MEASUREMENT', 'id_ID.UTF-8'), ('LC_IDENTIFICATION', 'id_ID.UTF-8'), ('QT_IM_MODULE', 'ibus'), ('PWD', '/home/gavin/ros2_ws/build/robot_description'), ('LC_ALL', 'en_US.UTF-8'), ('XDG_CONFIG_DIRS', '/etc/xdg/xdg-ubuntu:/etc/xdg'), ('ONSHAPE_ACCESS_KEY', 'dhh7gVImP6I7PcvGvknSotYo'), ('XDG_DATA_DIRS', '/usr/share/ubuntu:/usr/local/share/:/usr/share/:/var/lib/snapd/desktop'), ('PYTHONPATH', '/opt/ros/humble/lib/python3.10/site-packages:/opt/ros/humble/local/lib/python3.10/dist-packages'), ('LC_NUMERIC', 'id_ID.UTF-8'), ('LC_PAPER', 'id_ID.UTF-8'), ('ONSHAPE_API', 'https://cad.onshape.com'), ('COLCON', '1'), ('VTE_VERSION', '6800'), ('CMAKE_PREFIX_PATH', '/opt/ros/humble')]), 'shell': False}
[0.207674] (robot_description) StdoutLine: {'line': b'-- Install configuration: ""\n'}
[0.208052] (robot_description) StdoutLine: {'line': b'-- Up-to-date: /home/gavin/ros2_ws/install/robot_description/share/robot_description/launch\n'}
[0.208285] (robot_description) StdoutLine: {'line': b'-- Up-to-date: /home/gavin/ros2_ws/install/robot_description/share/robot_description/launch/gazebo.launch.py\n'}
[0.208394] (robot_description) StdoutLine: {'line': b'-- Up-to-date: /home/gavin/ros2_ws/install/robot_description/share/robot_description/launch/display.launch.py\n'}
[0.208458] (robot_description) StdoutLine: {'line': b'-- Up-to-date: /home/gavin/ros2_ws/install/robot_description/share/robot_description/meshes\n'}
[0.208530] (robot_description) StdoutLine: {'line': b'-- Up-to-date: /home/gavin/ros2_ws/install/robot_description/share/robot_description/meshes/part_1.part\n'}
[0.208649] (robot_description) StdoutLine: {'line': b'-- Up-to-date: /home/gavin/ros2_ws/install/robot_description/share/robot_description/meshes/part_1.stl\n'}
[0.208713] (robot_description) StdoutLine: {'line': b'-- Up-to-date: /home/gavin/ros2_ws/install/robot_description/share/robot_description/meshes/part_1.2.part\n'}
[0.208803] (robot_description) StdoutLine: {'line': b'-- Up-to-date: /home/gavin/ros2_ws/install/robot_description/share/robot_description/meshes/part_1.2.stl\n'}
[0.208861] (robot_description) StdoutLine: {'line': b'-- Up-to-date: /home/gavin/ros2_ws/install/robot_description/share/robot_description/urdf\n'}
[0.208912] (robot_description) StdoutLine: {'line': b'-- Up-to-date: /home/gavin/ros2_ws/install/robot_description/share/robot_description/urdf/robot_gazebo.xacro\n'}
[0.208969] (robot_description) StdoutLine: {'line': b'-- Up-to-date: /home/gavin/ros2_ws/install/robot_description/share/robot_description/urdf/robot.urdf.xacro\n'}
[0.209018] (robot_description) StdoutLine: {'line': b'-- Up-to-date: /home/gavin/ros2_ws/install/robot_description/share/robot_description/rviz\n'}
[0.209068] (robot_description) StdoutLine: {'line': b'-- Up-to-date: /home/gavin/ros2_ws/install/robot_description/share/robot_description/rviz/display.rviz\n'}
[0.209117] (robot_description) StdoutLine: {'line': b'-- Up-to-date: /home/gavin/ros2_ws/install/robot_description/share/ament_index/resource_index/package_run_dependencies/robot_description\n'}
[0.209174] (robot_description) StdoutLine: {'line': b'-- Up-to-date: /home/gavin/ros2_ws/install/robot_description/share/ament_index/resource_index/parent_prefix_path/robot_description\n'}
[0.209231] (robot_description) StdoutLine: {'line': b'-- Up-to-date: /home/gavin/ros2_ws/install/robot_description/share/robot_description/environment/ament_prefix_path.sh\n'}
[0.209284] (robot_description) StdoutLine: {'line': b'-- Up-to-date: /home/gavin/ros2_ws/install/robot_description/share/robot_description/environment/ament_prefix_path.dsv\n'}
[0.209334] (robot_description) StdoutLine: {'line': b'-- Up-to-date: /home/gavin/ros2_ws/install/robot_description/share/robot_description/environment/path.sh\n'}
[0.209384] (robot_description) StdoutLine: {'line': b'-- Up-to-date: /home/gavin/ros2_ws/install/robot_description/share/robot_description/environment/path.dsv\n'}
[0.209434] (robot_description) StdoutLine: {'line': b'-- Up-to-date: /home/gavin/ros2_ws/install/robot_description/share/robot_description/local_setup.bash\n'}
[0.209483] (robot_description) StdoutLine: {'line': b'-- Up-to-date: /home/gavin/ros2_ws/install/robot_description/share/robot_description/local_setup.sh\n'}
[0.209531] (robot_description) StdoutLine: {'line': b'-- Up-to-date: /home/gavin/ros2_ws/install/robot_description/share/robot_description/local_setup.zsh\n'}
[0.209581] (robot_description) StdoutLine: {'line': b'-- Up-to-date: /home/gavin/ros2_ws/install/robot_description/share/robot_description/local_setup.dsv\n'}
[0.209633] (robot_description) StdoutLine: {'line': b'-- Installing: /home/gavin/ros2_ws/install/robot_description/share/robot_description/package.dsv\n'}
[0.209685] (robot_description) StdoutLine: {'line': b'-- Up-to-date: /home/gavin/ros2_ws/install/robot_description/share/ament_index/resource_index/packages/robot_description\n'}
[0.209734] (robot_description) StdoutLine: {'line': b'-- Up-to-date: /home/gavin/ros2_ws/install/robot_description/share/robot_description/cmake/robot_descriptionConfig.cmake\n'}
[0.209782] (robot_description) StdoutLine: {'line': b'-- Up-to-date: /home/gavin/ros2_ws/install/robot_description/share/robot_description/cmake/robot_descriptionConfig-version.cmake\n'}
[0.209834] (robot_description) StdoutLine: {'line': b'-- Up-to-date: /home/gavin/ros2_ws/install/robot_description/share/robot_description/package.xml\n'}
[0.210668] (robot_description) CommandEnded: {'returncode': 0}
[0.227763] (robot_description) JobEnded: {'identifier': 'robot_description', 'rc': 0}
[0.228364] (awc_msgs) StdoutLine: {'line': b'-- Found rosidl_default_generators: 1.2.0 (/opt/ros/humble/share/rosidl_default_generators/cmake)\n'}
[0.300056] (-) TimerEvent: {}
[0.390214] (awc_msgs) StderrLine: {'line': b"Error parsing '/home/gavin/ros2_ws/src/awc_msgs/package.xml':\n"}
[0.400170] (-) TimerEvent: {}
[0.431695] (awc_msgs) StderrLine: {'line': b'Traceback (most recent call last):\n'}
[0.431847] (awc_msgs) StderrLine: {'line': b'  File "/usr/lib/python3/dist-packages/catkin_pkg/package.py", line 610, in parse_package_string\n'}
[0.432348] (awc_msgs) StderrLine: {'line': b'    root = dom.parseString(data)\n'}
[0.432418] (awc_msgs) StderrLine: {'line': b'  File "/usr/lib/python3.10/xml/dom/minidom.py", line 2000, in parseString\n'}
[0.433061] (awc_msgs) StderrLine: {'line': b'    return expatbuilder.parseString(string)\n'}
[0.433117] (awc_msgs) StderrLine: {'line': b'  File "/usr/lib/python3.10/xml/dom/expatbuilder.py", line 925, in parseString\n'}
[0.433866] (awc_msgs) StderrLine: {'line': b'    return builder.parseString(string)\n'}
[0.433967] (awc_msgs) StderrLine: {'line': b'  File "/usr/lib/python3.10/xml/dom/expatbuilder.py", line 223, in parseString\n'}
[0.434140] (awc_msgs) StderrLine: {'line': b'    parser.Parse(string, True)\n'}
[0.434227] (awc_msgs) StderrLine: {'line': b'xml.parsers.expat.ExpatError: XML or text declaration not at start of entity: line 2, column 0\n'}
[0.434287] (awc_msgs) StderrLine: {'line': b'\n'}
[0.434351] (awc_msgs) StderrLine: {'line': b'During handling of the above exception, another exception occurred:\n'}
[0.434409] (awc_msgs) StderrLine: {'line': b'\n'}
[0.434468] (awc_msgs) StderrLine: {'line': b'Traceback (most recent call last):\n'}
[0.434559] (awc_msgs) StderrLine: {'line': b'  File "/opt/ros/humble/share/ament_cmake_core/cmake/core/package_xml_2_cmake.py", line 150, in <module>\n'}
[0.434596] (awc_msgs) StderrLine: {'line': b'    main()\n'}
[0.434631] (awc_msgs) StderrLine: {'line': b'  File "/opt/ros/humble/share/ament_cmake_core/cmake/core/package_xml_2_cmake.py", line 53, in main\n'}
[0.434667] (awc_msgs) StderrLine: {'line': b'    raise e\n'}
[0.434701] (awc_msgs) StderrLine: {'line': b'  File "/opt/ros/humble/share/ament_cmake_core/cmake/core/package_xml_2_cmake.py", line 49, in main\n'}
[0.434734] (awc_msgs) StderrLine: {'line': b'    package = parse_package_string(\n'}
[0.434768] (awc_msgs) StderrLine: {'line': b'  File "/usr/lib/python3/dist-packages/catkin_pkg/package.py", line 612, in parse_package_string\n'}
[0.434801] (awc_msgs) StderrLine: {'line': b"    raise InvalidPackage('The manifest contains invalid XML:\\n%s' % ex, filename)\n"}
[0.434834] (awc_msgs) StderrLine: {'line': b"catkin_pkg.package.InvalidPackage: Error(s) in package '/home/gavin/ros2_ws/src/awc_msgs/package.xml':\n"}
[0.434869] (awc_msgs) StderrLine: {'line': b'The manifest contains invalid XML:\n'}
[0.434906] (awc_msgs) StderrLine: {'line': b'XML or text declaration not at start of entity: line 2, column 0\n'}
[0.452304] (awc_msgs) StderrLine: {'line': b'\x1b[31mCMake Error at /opt/ros/humble/share/ament_cmake_core/cmake/core/ament_package_xml.cmake:95 (message):\n'}
[0.452493] (awc_msgs) StderrLine: {'line': b'  execute_process(/usr/bin/python3\n'}
[0.452558] (awc_msgs) StderrLine: {'line': b'  /opt/ros/humble/share/ament_cmake_core/cmake/core/package_xml_2_cmake.py\n'}
[0.452618] (awc_msgs) StderrLine: {'line': b'  /home/gavin/ros2_ws/src/awc_msgs/package.xml\n'}
[0.452674] (awc_msgs) StderrLine: {'line': b'  /home/gavin/ros2_ws/build/awc_msgs/ament_cmake_core/package.cmake) returned\n'}
[0.452732] (awc_msgs) StderrLine: {'line': b'  error code 1\n'}
[0.452789] (awc_msgs) StderrLine: {'line': b'Call Stack (most recent call first):\n'}
[0.452845] (awc_msgs) StderrLine: {'line': b'  /opt/ros/humble/share/ament_cmake_core/cmake/core/ament_package_xml.cmake:49 (_ament_package_xml)\n'}
[0.452907] (awc_msgs) StderrLine: {'line': b'  /opt/ros/humble/share/rosidl_cmake/cmake/rosidl_generate_interfaces.cmake:226 (ament_package_xml)\n'}
[0.452974] (awc_msgs) StderrLine: {'line': b'  CMakeLists.txt:15 (rosidl_generate_interfaces)\n'}
[0.453032] (awc_msgs) StderrLine: {'line': b'\n'}
[0.453087] (awc_msgs) StderrLine: {'line': b'\x1b[0m\n'}
[0.455349] (awc_msgs) StdoutLine: {'line': b'-- Configuring incomplete, errors occurred!\n'}
[0.455523] (awc_msgs) StdoutLine: {'line': b'See also "/home/gavin/ros2_ws/build/awc_msgs/CMakeFiles/CMakeOutput.log".\n'}
[0.457988] (awc_msgs) CommandEnded: {'returncode': 1}
[0.458590] (awc_msgs) JobEnded: {'identifier': 'awc_msgs', 'rc': 1}
[0.500217] (-) TimerEvent: {}
[0.596866] (tf_publisher) JobEnded: {'identifier': 'tf_publisher', 'rc': 'SIGINT'}
[0.600273] (-) TimerEvent: {}
[0.607230] (-) EventReactorShutdown: {}
